{
  "version": "1.5.0",
  "plugins_used": [
    {
      "name": "ArtifactoryDetector"
    },
    {
      "name": "AWSKeyDetector"
    },
    {
      "name": "AzureStorageKeyDetector"
    },
    {
      "name": "Base64HighEntropyString",
      "limit": 4.5
    },
    {
      "name": "BasicAuthDetector"
    },
    {
      "name": "CloudantDetector"
    },
    {
      "name": "DiscordBotTokenDetector"
    },
    {
      "name": "GitHubTokenDetector"
    },
    {
      "name": "GitLabTokenDetector"
    },
    {
      "name": "HexHighEntropyString",
      "limit": 3.0
    },
    {
      "name": "IbmCloudIamDetector"
    },
    {
      "name": "IbmCosHmacDetector"
    },
    {
      "name": "IPPublicDetector"
    },
    {
      "name": "JwtTokenDetector"
    },
    {
      "name": "KeywordDetector",
      "keyword_exclude": ""
    },
    {
      "name": "MailchimpDetector"
    },
    {
      "name": "NpmDetector"
    },
    {
      "name": "OpenAIDetector"
    },
    {
      "name": "PrivateKeyDetector"
    },
    {
      "name": "PypiTokenDetector"
    },
    {
      "name": "SendGridDetector"
    },
    {
      "name": "SlackDetector"
    },
    {
      "name": "SoftlayerDetector"
    },
    {
      "name": "SquareOAuthDetector"
    },
    {
      "name": "StripeDetector"
    },
    {
      "name": "TelegramBotTokenDetector"
    },
    {
      "name": "TwilioKeyDetector"
    }
  ],
  "filters_used": [
    {
      "path": "detect_secrets.filters.allowlist.is_line_allowlisted"
    },
    {
      "path": "detect_secrets.filters.common.is_baseline_file",
      "filename": ".secrets.baseline"
    },
    {
      "path": "detect_secrets.filters.common.is_ignored_due_to_verification_policies",
      "min_level": 2
    },
    {
      "path": "detect_secrets.filters.heuristic.is_indirect_reference"
    },
    {
      "path": "detect_secrets.filters.heuristic.is_likely_id_string"
    },
    {
      "path": "detect_secrets.filters.heuristic.is_lock_file"
    },
    {
      "path": "detect_secrets.filters.heuristic.is_not_alphanumeric_string"
    },
    {
      "path": "detect_secrets.filters.heuristic.is_potential_uuid"
    },
    {
      "path": "detect_secrets.filters.heuristic.is_prefixed_with_dollar_sign"
    },
    {
      "path": "detect_secrets.filters.heuristic.is_sequential_string"
    },
    {
      "path": "detect_secrets.filters.heuristic.is_swagger_file"
    },
    {
      "path": "detect_secrets.filters.heuristic.is_templated_secret"
    }
  ],
  "results": {
    ".github/workflows/develop.yml": [
      {
        "type": "Secret Keyword",
        "filename": ".github/workflows/develop.yml",
        "hashed_secret": "788ccd0e64a1f186b0eb93dc5921b22241b4052c",
        "is_verified": false,
        "line_number": 24
      }
    ],
    ".github/workflows/manual_develop.yml": [
      {
        "type": "Secret Keyword",
        "filename": ".github/workflows/manual_develop.yml",
        "hashed_secret": "788ccd0e64a1f186b0eb93dc5921b22241b4052c",
        "is_verified": false,
        "line_number": 22
      }
    ],
    ".github/workflows/master.yml": [
      {
        "type": "Secret Keyword",
        "filename": ".github/workflows/master.yml",
        "hashed_secret": "788ccd0e64a1f186b0eb93dc5921b22241b4052c",
        "is_verified": false,
        "line_number": 25
      }
    ],
    "docs/node_modules/.package-lock.json": [
      {
        "type": "Base64 High Entropy String",
        "filename": "docs/node_modules/.package-lock.json",
        "hashed_secret": "6352fdedac91f705f83ae624ce646d8f04cd5b9a",
        "is_verified": false,
        "line_number": 9
      },
      {
        "type": "Base64 High Entropy String",
        "filename": "docs/node_modules/.package-lock.json",
        "hashed_secret": "3157a17f12b02bebb7fe8809e0130abfbc62a527",
        "is_verified": false,
        "line_number": 24
      },
      {
        "type": "Base64 High Entropy String",
        "filename": "docs/node_modules/.package-lock.json",
        "hashed_secret": "1e9421d11a27f5d9dd58f38a74ff654c1f12580c",
        "is_verified": false,
        "line_number": 43
      },
      {
        "type": "Base64 High Entropy String",
        "filename": "docs/node_modules/.package-lock.json",
        "hashed_secret": "2b3df08a4b5bb6ed92e94c9f6f6409cdd27e404e",
        "is_verified": false,
        "line_number": 70
      },
      {
        "type": "Base64 High Entropy String",
        "filename": "docs/node_modules/.package-lock.json",
        "hashed_secret": "ef904a28d7970d3f58bb4a2aadbe2e87b6615502",
        "is_verified": false,
        "line_number": 86
      },
      {
        "type": "Base64 High Entropy String",
        "filename": "docs/node_modules/.package-lock.json",
        "hashed_secret": "a7d8de019e87503cc3024bbcc12c622ad689a83b",
        "is_verified": false,
        "line_number": 99
      },
      {
        "type": "Base64 High Entropy String",
        "filename": "docs/node_modules/.package-lock.json",
        "hashed_secret": "40bc566f24f18b535faec251e7c6bacec2131055",
        "is_verified": false,
        "line_number": 109
      },
      {
        "type": "Base64 High Entropy String",
        "filename": "docs/node_modules/.package-lock.json",
        "hashed_secret": "d893d2c98251634a6fffe4af63b0c6cfcdd20e3c",
        "is_verified": false,
        "line_number": 125
      },
      {
        "type": "Base64 High Entropy String",
        "filename": "docs/node_modules/.package-lock.json",
        "hashed_secret": "46fa066714ab427a7e990a2b33191b9ca8e26392",
        "is_verified": false,
        "line_number": 141
      },
      {
        "type": "Base64 High Entropy String",
        "filename": "docs/node_modules/.package-lock.json",
        "hashed_secret": "b4fd8c5bdf2e32081840eb47e64c276b9baf3c28",
        "is_verified": false,
        "line_number": 158
      },
      {
        "type": "Base64 High Entropy String",
        "filename": "docs/node_modules/.package-lock.json",
        "hashed_secret": "1f545f037e0f703d6e59c43792ad7b3659e48871",
        "is_verified": false,
        "line_number": 171
      },
      {
        "type": "Base64 High Entropy String",
        "filename": "docs/node_modules/.package-lock.json",
        "hashed_secret": "478c1d1b82fa2b39e05cda0f7c62d3da60325edf",
        "is_verified": false,
        "line_number": 186
      },
      {
        "type": "Base64 High Entropy String",
        "filename": "docs/node_modules/.package-lock.json",
        "hashed_secret": "a96fbddf91cd3a9dcd25e4b2587edf2f6e1c63f4",
        "is_verified": false,
        "line_number": 202
      },
      {
        "type": "Base64 High Entropy String",
        "filename": "docs/node_modules/.package-lock.json",
        "hashed_secret": "fd17d39315ae89c62d872cb1e978eb5753cdc81b",
        "is_verified": false,
        "line_number": 215
      },
      {
        "type": "Base64 High Entropy String",
        "filename": "docs/node_modules/.package-lock.json",
        "hashed_secret": "4708936464b5d98093393199807439f7b72ceca0",
        "is_verified": false,
        "line_number": 241
      },
      {
        "type": "Base64 High Entropy String",
        "filename": "docs/node_modules/.package-lock.json",
        "hashed_secret": "0c09e2e129dd37692d37e24fe454a91482458d29",
        "is_verified": false,
        "line_number": 255
      },
      {
        "type": "Base64 High Entropy String",
        "filename": "docs/node_modules/.package-lock.json",
        "hashed_secret": "b1c1676796dd8a54152a4e9a1aefb6323821dbde",
        "is_verified": false,
        "line_number": 268
      },
      {
        "type": "Base64 High Entropy String",
        "filename": "docs/node_modules/.package-lock.json",
        "hashed_secret": "8d90f1a628b65d757e286fe89451d9451c39c9e6",
        "is_verified": false,
        "line_number": 291
      },
      {
        "type": "Base64 High Entropy String",
        "filename": "docs/node_modules/.package-lock.json",
        "hashed_secret": "2c370eb5f74032c6965d148017da1185dfab2693",
        "is_verified": false,
        "line_number": 304
      },
      {
        "type": "Base64 High Entropy String",
        "filename": "docs/node_modules/.package-lock.json",
        "hashed_secret": "a472212742813b3dd07a30b7a787429cbc316e0a",
        "is_verified": false,
        "line_number": 320
      },
      {
        "type": "Base64 High Entropy String",
        "filename": "docs/node_modules/.package-lock.json",
        "hashed_secret": "0fcbc7ad6c729d8b9445bd40026312d28b908442",
        "is_verified": false,
        "line_number": 329
      },
      {
        "type": "Base64 High Entropy String",
        "filename": "docs/node_modules/.package-lock.json",
        "hashed_secret": "9a1373fb8bc6343a2626079c5c977463daea3541",
        "is_verified": false,
        "line_number": 336
      },
      {
        "type": "Base64 High Entropy String",
        "filename": "docs/node_modules/.package-lock.json",
        "hashed_secret": "e768776e74a3cb5645d538a9bd074c78e7fb52b3",
        "is_verified": false,
        "line_number": 350
      },
      {
        "type": "Base64 High Entropy String",
        "filename": "docs/node_modules/.package-lock.json",
        "hashed_secret": "150a1608ffd7395d510860bc11f1b69b49ff015a",
        "is_verified": false,
        "line_number": 360
      },
      {
        "type": "Base64 High Entropy String",
        "filename": "docs/node_modules/.package-lock.json",
        "hashed_secret": "7504fe8499b80056c3f01ece1ca120d97fe0f91f",
        "is_verified": false,
        "line_number": 374
      },
      {
        "type": "Base64 High Entropy String",
        "filename": "docs/node_modules/.package-lock.json",
        "hashed_secret": "9ccf5bf0d755f3fc5697c92f6cd81f6135fa8774",
        "is_verified": false,
        "line_number": 380
      },
      {
        "type": "Base64 High Entropy String",
        "filename": "docs/node_modules/.package-lock.json",
        "hashed_secret": "86c936c2fd0b15334fb3e7e08ea42b385c42f7a1",
        "is_verified": false,
        "line_number": 389
      },
      {
        "type": "Base64 High Entropy String",
        "filename": "docs/node_modules/.package-lock.json",
        "hashed_secret": "ca6d2c8d14b7820d3c814bc1f5f298f5371573b8",
        "is_verified": false,
        "line_number": 402
      },
      {
        "type": "Base64 High Entropy String",
        "filename": "docs/node_modules/.package-lock.json",
        "hashed_secret": "22bd0abeadedbe4ac89a1415cff3788f50a4dc48",
        "is_verified": false,
        "line_number": 419
      },
      {
        "type": "Base64 High Entropy String",
        "filename": "docs/node_modules/.package-lock.json",
        "hashed_secret": "08580a0840a7e66ca25c209c8407e5e63b8f0ac7",
        "is_verified": false,
        "line_number": 426
      },
      {
        "type": "Base64 High Entropy String",
        "filename": "docs/node_modules/.package-lock.json",
        "hashed_secret": "ee132af7e4dc8a5c54ae77575266946f53647646",
        "is_verified": false,
        "line_number": 440
      },
      {
        "type": "Base64 High Entropy String",
        "filename": "docs/node_modules/.package-lock.json",
        "hashed_secret": "6f5c4f8389922a6637a0b4fdb837095b494c0bfb",
        "is_verified": false,
        "line_number": 447
      },
      {
        "type": "Base64 High Entropy String",
        "filename": "docs/node_modules/.package-lock.json",
        "hashed_secret": "5b22b457e591da89e3abe408798aab51efff2811",
        "is_verified": false,
        "line_number": 457
      },
      {
        "type": "Base64 High Entropy String",
        "filename": "docs/node_modules/.package-lock.json",
        "hashed_secret": "372d260fe819e2b369d4b3ade3b2c0ca55a4e4fe",
        "is_verified": false,
        "line_number": 473
      },
      {
        "type": "Base64 High Entropy String",
        "filename": "docs/node_modules/.package-lock.json",
        "hashed_secret": "6c6608d3cbfe12c4617bba66e194ff53a2dca37b",
        "is_verified": false,
        "line_number": 488
      },
      {
        "type": "Base64 High Entropy String",
        "filename": "docs/node_modules/.package-lock.json",
        "hashed_secret": "7bb507ba2f47095177b03051a6340091be5871b2",
        "is_verified": false,
        "line_number": 503
      },
      {
        "type": "Base64 High Entropy String",
        "filename": "docs/node_modules/.package-lock.json",
        "hashed_secret": "4cd454d960136b7b4f74cca3c12010ff2ebd7663",
        "is_verified": false,
        "line_number": 524
      },
      {
        "type": "Base64 High Entropy String",
        "filename": "docs/node_modules/.package-lock.json",
        "hashed_secret": "9748716a465dd6d055354fd346c4cd105b7d39b1",
        "is_verified": false,
        "line_number": 537
      },
      {
        "type": "Base64 High Entropy String",
        "filename": "docs/node_modules/.package-lock.json",
        "hashed_secret": "76fcffecba09c4a04ca679d14ad756d488aff0c3",
        "is_verified": false,
        "line_number": 562
      },
      {
        "type": "Base64 High Entropy String",
        "filename": "docs/node_modules/.package-lock.json",
        "hashed_secret": "c9428711efa3c349175c504966b3537c0e39a2b9",
        "is_verified": false,
        "line_number": 572
      },
      {
        "type": "Base64 High Entropy String",
        "filename": "docs/node_modules/.package-lock.json",
        "hashed_secret": "5ccc9eec17d1986f574c757bb2740fb9134a2a62",
        "is_verified": false,
        "line_number": 585
      },
      {
        "type": "Base64 High Entropy String",
        "filename": "docs/node_modules/.package-lock.json",
        "hashed_secret": "09ce1f68022d542bd4b111b2e648b4261e7ea537",
        "is_verified": false,
        "line_number": 604
      },
      {
        "type": "Base64 High Entropy String",
        "filename": "docs/node_modules/.package-lock.json",
        "hashed_secret": "f4713ff6d6ebe4c91eabb4abaa4fff79252287e2",
        "is_verified": false,
        "line_number": 618
      },
      {
        "type": "Base64 High Entropy String",
        "filename": "docs/node_modules/.package-lock.json",
        "hashed_secret": "e938e0e7e0ed8e95194e8f9ac8e047450e9a82ea",
        "is_verified": false,
        "line_number": 635
      },
      {
        "type": "Base64 High Entropy String",
        "filename": "docs/node_modules/.package-lock.json",
        "hashed_secret": "bda118bb6ac4d344bfd8dc748db3bd2039d09e06",
        "is_verified": false,
        "line_number": 642
      },
      {
        "type": "Base64 High Entropy String",
        "filename": "docs/node_modules/.package-lock.json",
        "hashed_secret": "1dae660604ec052e4c8dfd54b0657636c412a22b",
        "is_verified": false,
        "line_number": 652
      },
      {
        "type": "Base64 High Entropy String",
        "filename": "docs/node_modules/.package-lock.json",
        "hashed_secret": "31ed70c533df55fd194adb00190acec253f057af",
        "is_verified": false,
        "line_number": 659
      },
      {
        "type": "Base64 High Entropy String",
        "filename": "docs/node_modules/.package-lock.json",
        "hashed_secret": "cf8f4031e31896c4bb1929038a69596ced6c585b",
        "is_verified": false,
        "line_number": 669
      },
      {
        "type": "Base64 High Entropy String",
        "filename": "docs/node_modules/.package-lock.json",
        "hashed_secret": "4311cd4741ece0a4425d85b5179d779e3d7ab81b",
        "is_verified": false,
        "line_number": 683
      },
      {
        "type": "Base64 High Entropy String",
        "filename": "docs/node_modules/.package-lock.json",
        "hashed_secret": "ab4bcd85dbb08e2c7721a4842f74653506829466",
        "is_verified": false,
        "line_number": 696
      },
      {
        "type": "Base64 High Entropy String",
        "filename": "docs/node_modules/.package-lock.json",
        "hashed_secret": "b79353cae7670c23755e4363351049400ccc3928",
        "is_verified": false,
        "line_number": 706
      },
      {
        "type": "Base64 High Entropy String",
        "filename": "docs/node_modules/.package-lock.json",
        "hashed_secret": "0d18d461f348476153b9b5741beda942f5b825fc",
        "is_verified": false,
        "line_number": 722
      },
      {
        "type": "Base64 High Entropy String",
        "filename": "docs/node_modules/.package-lock.json",
        "hashed_secret": "a504a7b756f6cf4df80cea862042eb1c92173d6f",
        "is_verified": false,
        "line_number": 740
      },
      {
        "type": "Base64 High Entropy String",
        "filename": "docs/node_modules/.package-lock.json",
        "hashed_secret": "c5962ed6f5789d3680c05023e03374ddf3c5a567",
        "is_verified": false,
        "line_number": 747
      },
      {
        "type": "Base64 High Entropy String",
        "filename": "docs/node_modules/.package-lock.json",
        "hashed_secret": "d41c6cf903d39fadce9238d73df66f09342a88b1",
        "is_verified": false,
        "line_number": 761
      },
      {
        "type": "Base64 High Entropy String",
        "filename": "docs/node_modules/.package-lock.json",
        "hashed_secret": "2d166cdb8235457ffd9245bf880e8f2d3de0e8d5",
        "is_verified": false,
        "line_number": 773
      },
      {
        "type": "Base64 High Entropy String",
        "filename": "docs/node_modules/.package-lock.json",
        "hashed_secret": "c132450e9e0b1e447c8f427ec4a965e16d8382e2",
        "is_verified": false,
        "line_number": 788
      },
      {
        "type": "Base64 High Entropy String",
        "filename": "docs/node_modules/.package-lock.json",
        "hashed_secret": "79119667cecad09809c34832b1f2b650b5ccded7",
        "is_verified": false,
        "line_number": 802
      },
      {
        "type": "Base64 High Entropy String",
        "filename": "docs/node_modules/.package-lock.json",
        "hashed_secret": "fc231c807593551488e1df5cd5d488e39f7db93f",
        "is_verified": false,
        "line_number": 817
      },
      {
        "type": "Base64 High Entropy String",
        "filename": "docs/node_modules/.package-lock.json",
        "hashed_secret": "79493155bf971702ff00e70c7bd59d1e56c9e40c",
        "is_verified": false,
        "line_number": 827
      },
      {
        "type": "Base64 High Entropy String",
        "filename": "docs/node_modules/.package-lock.json",
        "hashed_secret": "6d1db030d72c8b03fd95eaeb0266255402f70df5",
        "is_verified": false,
        "line_number": 839
      },
      {
        "type": "Base64 High Entropy String",
        "filename": "docs/node_modules/.package-lock.json",
        "hashed_secret": "cf75ddffbc923b32123e91e069fbcb97ac39c4d9",
        "is_verified": false,
        "line_number": 849
      },
      {
        "type": "Base64 High Entropy String",
        "filename": "docs/node_modules/.package-lock.json",
        "hashed_secret": "3a5216756ea514ee529bd716ec9b6abb95caae43",
        "is_verified": false,
        "line_number": 859
      },
      {
        "type": "Base64 High Entropy String",
        "filename": "docs/node_modules/.package-lock.json",
        "hashed_secret": "3e98502489412d93f07aea9cee8365dd2278002f",
        "is_verified": false,
        "line_number": 872
      },
      {
        "type": "Base64 High Entropy String",
        "filename": "docs/node_modules/.package-lock.json",
        "hashed_secret": "bdc1322162b3c2d06c4103afb50937bf6085ebf2",
        "is_verified": false,
        "line_number": 881
      },
      {
        "type": "Base64 High Entropy String",
        "filename": "docs/node_modules/.package-lock.json",
        "hashed_secret": "3446aea3a08fd97b7eb1beac15a525d1b4586864",
        "is_verified": false,
        "line_number": 891
      },
      {
        "type": "Base64 High Entropy String",
        "filename": "docs/node_modules/.package-lock.json",
        "hashed_secret": "3b756c3f0b510144f5976d31585fd37a1554cfaf",
        "is_verified": false,
        "line_number": 901
      },
      {
        "type": "Base64 High Entropy String",
        "filename": "docs/node_modules/.package-lock.json",
        "hashed_secret": "373eefae8f0bb627d355aa0997dbf702a2274642",
        "is_verified": false,
        "line_number": 911
      },
      {
        "type": "Base64 High Entropy String",
        "filename": "docs/node_modules/.package-lock.json",
        "hashed_secret": "76c0c94e0cde08a7ff5fbb82c2268f53252c5fbf",
        "is_verified": false,
        "line_number": 918
      },
      {
        "type": "Base64 High Entropy String",
        "filename": "docs/node_modules/.package-lock.json",
        "hashed_secret": "b58ece1a23c6b414412378abceafd8549e609789",
        "is_verified": false,
        "line_number": 925
      },
      {
        "type": "Base64 High Entropy String",
        "filename": "docs/node_modules/.package-lock.json",
        "hashed_secret": "f82fd8484b99aad21f2f5397e3212b226fe2f503",
        "is_verified": false,
        "line_number": 942
      },
      {
        "type": "Base64 High Entropy String",
        "filename": "docs/node_modules/.package-lock.json",
        "hashed_secret": "38a37f53e7403dabad025e1d953382e82ff53762",
        "is_verified": false,
        "line_number": 952
      },
      {
        "type": "Base64 High Entropy String",
        "filename": "docs/node_modules/.package-lock.json",
        "hashed_secret": "02031683c4d321f8660ff8b2d0258362940c8a6d",
        "is_verified": false,
        "line_number": 959
      },
      {
        "type": "Base64 High Entropy String",
        "filename": "docs/node_modules/.package-lock.json",
        "hashed_secret": "7c235e480345a8563b9b7348d8b568bd51bf3814",
        "is_verified": false,
        "line_number": 969
      },
      {
        "type": "Base64 High Entropy String",
        "filename": "docs/node_modules/.package-lock.json",
        "hashed_secret": "b22e9c725f4db08d46d260b8913feda1264acfc3",
        "is_verified": false,
        "line_number": 982
      },
      {
        "type": "Base64 High Entropy String",
        "filename": "docs/node_modules/.package-lock.json",
        "hashed_secret": "e7f54899a1654525fbfb1d8c3ac44d632f655af1",
        "is_verified": false,
        "line_number": 998
      },
      {
        "type": "Base64 High Entropy String",
        "filename": "docs/node_modules/.package-lock.json",
        "hashed_secret": "4cd3a1b109eb67acf1557141e83880899d18eaea",
        "is_verified": false,
        "line_number": 1008
      },
      {
        "type": "Base64 High Entropy String",
        "filename": "docs/node_modules/.package-lock.json",
        "hashed_secret": "5a4d96497ba98531c9c36ced1d043fbd8c535eff",
        "is_verified": false,
        "line_number": 1033
      },
      {
        "type": "Base64 High Entropy String",
        "filename": "docs/node_modules/.package-lock.json",
        "hashed_secret": "371ca38e7acde2cb9e7c1a8bea0355722ff047cf",
        "is_verified": false,
        "line_number": 1047
      },
      {
        "type": "Base64 High Entropy String",
        "filename": "docs/node_modules/.package-lock.json",
        "hashed_secret": "979e2a14e4576c62a9748d7466bfa7f4f3a0620d",
        "is_verified": false,
        "line_number": 1060
      },
      {
        "type": "Base64 High Entropy String",
        "filename": "docs/node_modules/.package-lock.json",
        "hashed_secret": "d852916b82cd5440007c77503ec6217b4fc14cf0",
        "is_verified": false,
        "line_number": 1073
      },
      {
        "type": "Base64 High Entropy String",
        "filename": "docs/node_modules/.package-lock.json",
        "hashed_secret": "71b8927fbe4bf203ff52222400dd33ee89aa77af",
        "is_verified": false,
        "line_number": 1095
      },
      {
        "type": "Base64 High Entropy String",
        "filename": "docs/node_modules/.package-lock.json",
        "hashed_secret": "0d97c7fe1c124e07eb8bba42a86419c083ba0591",
        "is_verified": false,
        "line_number": 1108
      },
      {
        "type": "Base64 High Entropy String",
        "filename": "docs/node_modules/.package-lock.json",
        "hashed_secret": "e07f2c68e0fe6abfac19da4e9dd0c81669de7078",
        "is_verified": false,
        "line_number": 1121
      },
      {
        "type": "Base64 High Entropy String",
        "filename": "docs/node_modules/.package-lock.json",
        "hashed_secret": "b2cf47f1b9fba7e27a7f8d660b18e6b5f44b96c3",
        "is_verified": false,
        "line_number": 1137
      },
      {
        "type": "Base64 High Entropy String",
        "filename": "docs/node_modules/.package-lock.json",
        "hashed_secret": "4648471e6e277a4eb3eb85ed4ef695b6bfabe451",
        "is_verified": false,
        "line_number": 1150
      },
      {
        "type": "Base64 High Entropy String",
        "filename": "docs/node_modules/.package-lock.json",
        "hashed_secret": "912062b7be2119117be0b5889e87b7cab1968c7b",
        "is_verified": false,
        "line_number": 1157
      },
      {
        "type": "Base64 High Entropy String",
        "filename": "docs/node_modules/.package-lock.json",
        "hashed_secret": "c4507d85912456df1d3d06a3d250eaaddd9dd77f",
        "is_verified": false,
        "line_number": 1167
      },
      {
        "type": "Base64 High Entropy String",
        "filename": "docs/node_modules/.package-lock.json",
        "hashed_secret": "82bb8edb4003308fc261a3cd2488be9862e99657",
        "is_verified": false,
        "line_number": 1186
      },
      {
        "type": "Base64 High Entropy String",
        "filename": "docs/node_modules/.package-lock.json",
        "hashed_secret": "c6ee5cc9425c6e106fad752bf1f79925d0f8d332",
        "is_verified": false,
        "line_number": 1207
      },
      {
        "type": "Base64 High Entropy String",
        "filename": "docs/node_modules/.package-lock.json",
        "hashed_secret": "cf09cb791688fe019284bfdc362abc41918645a5",
        "is_verified": false,
        "line_number": 1217
      },
      {
        "type": "Base64 High Entropy String",
        "filename": "docs/node_modules/.package-lock.json",
        "hashed_secret": "bb2beaa7a8684460bbeeb734af599cfb5802456d",
        "is_verified": false,
        "line_number": 1224
      },
      {
        "type": "Base64 High Entropy String",
        "filename": "docs/node_modules/.package-lock.json",
        "hashed_secret": "e9ce08fb0922eb7b6fd8078a79f948726b9b756e",
        "is_verified": false,
        "line_number": 1237
      },
      {
        "type": "Base64 High Entropy String",
        "filename": "docs/node_modules/.package-lock.json",
        "hashed_secret": "0168f03d6f1748d5d7ae624a93f711333b69d01c",
        "is_verified": false,
        "line_number": 1247
      },
      {
        "type": "Base64 High Entropy String",
        "filename": "docs/node_modules/.package-lock.json",
        "hashed_secret": "8f95bdf43361cffe6720264f402b5636239f6367",
        "is_verified": false,
        "line_number": 1260
      },
      {
        "type": "Base64 High Entropy String",
        "filename": "docs/node_modules/.package-lock.json",
        "hashed_secret": "637e2e699ad406eaa342f5f29b4c4e9c59972ba8",
        "is_verified": false,
        "line_number": 1270
      },
      {
        "type": "Base64 High Entropy String",
        "filename": "docs/node_modules/.package-lock.json",
        "hashed_secret": "06db8e9d45e51f5be654b372301a579ea929b6b6",
        "is_verified": false,
        "line_number": 1286
      },
      {
        "type": "Base64 High Entropy String",
        "filename": "docs/node_modules/.package-lock.json",
        "hashed_secret": "7df828a8b196c81158782dd0f6af6223b6ca1c36",
        "is_verified": false,
        "line_number": 1293
      },
      {
        "type": "Base64 High Entropy String",
        "filename": "docs/node_modules/.package-lock.json",
        "hashed_secret": "c61f6450dea4696f664cee46c1938e2353da53b9",
        "is_verified": false,
        "line_number": 1319
      },
      {
        "type": "Base64 High Entropy String",
        "filename": "docs/node_modules/.package-lock.json",
        "hashed_secret": "8da770913ab3fed8950b46c40172eb6b57af7f9d",
        "is_verified": false,
        "line_number": 1329
      },
      {
        "type": "Base64 High Entropy String",
        "filename": "docs/node_modules/.package-lock.json",
        "hashed_secret": "88d5de50147c0a55cf86a9c79b0002573f21febe",
        "is_verified": false,
        "line_number": 1342
      },
      {
        "type": "Base64 High Entropy String",
        "filename": "docs/node_modules/.package-lock.json",
        "hashed_secret": "7f9236336c594f8905480a940233d7aa635312bc",
        "is_verified": false,
        "line_number": 1355
      },
      {
        "type": "Base64 High Entropy String",
        "filename": "docs/node_modules/.package-lock.json",
        "hashed_secret": "ad78dce4914916cc3c2a3cac28caade3e35a439a",
        "is_verified": false,
        "line_number": 1362
      },
      {
        "type": "Base64 High Entropy String",
        "filename": "docs/node_modules/.package-lock.json",
        "hashed_secret": "1055802620aad264326c7faee3f07294c973aa55",
        "is_verified": false,
        "line_number": 1368
      },
      {
        "type": "Base64 High Entropy String",
        "filename": "docs/node_modules/.package-lock.json",
        "hashed_secret": "87ae5db459dbd9fe4157473b016ae5ff5ef0f4ed",
        "is_verified": false,
        "line_number": 1374
      },
      {
        "type": "Base64 High Entropy String",
        "filename": "docs/node_modules/.package-lock.json",
        "hashed_secret": "984a5026a35166aa0ba9ab34ccaf5c8e68509c88",
        "is_verified": false,
        "line_number": 1384
      },
      {
        "type": "Base64 High Entropy String",
        "filename": "docs/node_modules/.package-lock.json",
        "hashed_secret": "73f99321c1d31c19b059d58bf503320edb5ca0b8",
        "is_verified": false,
        "line_number": 1397
      },
      {
        "type": "Base64 High Entropy String",
        "filename": "docs/node_modules/.package-lock.json",
        "hashed_secret": "d625016059df1358862e39c16de4002845c7ab5f",
        "is_verified": false,
        "line_number": 1407
      },
      {
        "type": "Base64 High Entropy String",
        "filename": "docs/node_modules/.package-lock.json",
        "hashed_secret": "81a165cc6dfc1c5b2a498fefdd6a0774232063b9",
        "is_verified": false,
        "line_number": 1413
      },
      {
        "type": "Base64 High Entropy String",
        "filename": "docs/node_modules/.package-lock.json",
        "hashed_secret": "3bae03646f3110a32c0d619e0c5fb4a15d624dfb",
        "is_verified": false,
        "line_number": 1427
      },
      {
        "type": "Base64 High Entropy String",
        "filename": "docs/node_modules/.package-lock.json",
        "hashed_secret": "838abb1331a160bdd441c25a2a2d44332ee8694b",
        "is_verified": false,
        "line_number": 1440
      },
      {
        "type": "Base64 High Entropy String",
        "filename": "docs/node_modules/.package-lock.json",
        "hashed_secret": "e6525dbd438fc8858b0d56c59d164f403792ba1e",
        "is_verified": false,
        "line_number": 1450
      },
      {
        "type": "Base64 High Entropy String",
        "filename": "docs/node_modules/.package-lock.json",
        "hashed_secret": "0e77aa94f6220c56d38658fe6b3c63cd79cdbc1c",
        "is_verified": false,
        "line_number": 1463
      },
      {
        "type": "Base64 High Entropy String",
        "filename": "docs/node_modules/.package-lock.json",
        "hashed_secret": "8ac8e759308be486fa9eb1fcadf99defd39eab96",
        "is_verified": false,
        "line_number": 1476
      },
      {
        "type": "Base64 High Entropy String",
        "filename": "docs/node_modules/.package-lock.json",
        "hashed_secret": "fa5d34e49f0500ace5addfcf844ba5249c0a079a",
        "is_verified": false,
        "line_number": 1486
      },
      {
        "type": "Base64 High Entropy String",
        "filename": "docs/node_modules/.package-lock.json",
        "hashed_secret": "69e0099899d8d7b71f448a09d3e5034695d476e7",
        "is_verified": false,
        "line_number": 1496
      },
      {
        "type": "Base64 High Entropy String",
        "filename": "docs/node_modules/.package-lock.json",
        "hashed_secret": "7b88c4ad7f3483e800f39866372e7f0fd439275e",
        "is_verified": false,
        "line_number": 1502
      },
      {
        "type": "Base64 High Entropy String",
        "filename": "docs/node_modules/.package-lock.json",
        "hashed_secret": "68098bf4bc6873ec14d7ceb6ca8ae49988505c5c",
        "is_verified": false,
        "line_number": 1512
      },
      {
        "type": "Base64 High Entropy String",
        "filename": "docs/node_modules/.package-lock.json",
        "hashed_secret": "85c66cde4af421982424442e55d5b0a85e75b40e",
        "is_verified": false,
        "line_number": 1519
      },
      {
        "type": "Base64 High Entropy String",
        "filename": "docs/node_modules/.package-lock.json",
        "hashed_secret": "38c97b06ca380ec6b537fb959634cd6042e47cea",
        "is_verified": false,
        "line_number": 1529
      },
      {
        "type": "Base64 High Entropy String",
        "filename": "docs/node_modules/.package-lock.json",
        "hashed_secret": "44182573c46aa28c876332d2f480bf82ce5fc237",
        "is_verified": false,
        "line_number": 1539
      },
      {
        "type": "Base64 High Entropy String",
        "filename": "docs/node_modules/.package-lock.json",
        "hashed_secret": "7e099865926cce2fe8adeb2eafe9bbae086e80b9",
        "is_verified": false,
        "line_number": 1546
      },
      {
        "type": "Base64 High Entropy String",
        "filename": "docs/node_modules/.package-lock.json",
        "hashed_secret": "84cbfec871cf2b178ab90fcc1f442fa369e99a02",
        "is_verified": false,
        "line_number": 1553
      },
      {
        "type": "Base64 High Entropy String",
        "filename": "docs/node_modules/.package-lock.json",
        "hashed_secret": "bfd1af02b701e91707a7425bba100d60beef3ffd",
        "is_verified": false,
        "line_number": 1566
      },
      {
        "type": "Base64 High Entropy String",
        "filename": "docs/node_modules/.package-lock.json",
        "hashed_secret": "3a424560d452e0fd5b622cc8b69ffe4c6386a84d",
        "is_verified": false,
        "line_number": 1576
      },
      {
        "type": "Base64 High Entropy String",
        "filename": "docs/node_modules/.package-lock.json",
        "hashed_secret": "b55193097a8bb15e41f45e64034d126a19af3b71",
        "is_verified": false,
        "line_number": 1599
      },
      {
        "type": "Base64 High Entropy String",
        "filename": "docs/node_modules/.package-lock.json",
        "hashed_secret": "288c8b24d63adf108e603c52001b6412037a9edc",
        "is_verified": false,
        "line_number": 1610
      },
      {
        "type": "Base64 High Entropy String",
        "filename": "docs/node_modules/.package-lock.json",
        "hashed_secret": "38b8034c27e3b95527bc3309ffee497eed289488",
        "is_verified": false,
        "line_number": 1627
      },
      {
        "type": "Base64 High Entropy String",
        "filename": "docs/node_modules/.package-lock.json",
        "hashed_secret": "635b865541a9b317d71b354dc07769e554004a0a",
        "is_verified": false,
        "line_number": 1670
      },
      {
        "type": "Base64 High Entropy String",
        "filename": "docs/node_modules/.package-lock.json",
        "hashed_secret": "ec9c40d4e13c33cc95a8d66490b87a6a24a789a4",
        "is_verified": false,
        "line_number": 1677
      },
      {
        "type": "Base64 High Entropy String",
        "filename": "docs/node_modules/.package-lock.json",
        "hashed_secret": "4f4dde0efe7acd336975cd25fc68e25347fd64ee",
        "is_verified": false,
        "line_number": 1687
      },
      {
        "type": "Base64 High Entropy String",
        "filename": "docs/node_modules/.package-lock.json",
        "hashed_secret": "ee013434f8733888daf3b12adfbaca9ce9c4f8d1",
        "is_verified": false,
        "line_number": 1697
      },
      {
        "type": "Base64 High Entropy String",
        "filename": "docs/node_modules/.package-lock.json",
        "hashed_secret": "ec3990a473a2628b0b34fc88835f0a225667b960",
        "is_verified": false,
        "line_number": 1704
      },
      {
        "type": "Base64 High Entropy String",
        "filename": "docs/node_modules/.package-lock.json",
        "hashed_secret": "353aafcecdb8834ff13733ca486183ed2882e7ec",
        "is_verified": false,
        "line_number": 1714
      },
      {
        "type": "Base64 High Entropy String",
        "filename": "docs/node_modules/.package-lock.json",
        "hashed_secret": "6c8698ec180cb58d9c2baa683e3a57c1eb18e2f3",
        "is_verified": false,
        "line_number": 1725
      },
      {
        "type": "Base64 High Entropy String",
        "filename": "docs/node_modules/.package-lock.json",
        "hashed_secret": "7969827f4e081fc3ab6d578be9fe52cf55b34bef",
        "is_verified": false,
        "line_number": 1746
      },
      {
        "type": "Base64 High Entropy String",
        "filename": "docs/node_modules/.package-lock.json",
        "hashed_secret": "ac92f6ef74f09318d36f34716ed2f258b5e0924f",
        "is_verified": false,
        "line_number": 1753
      },
      {
        "type": "Base64 High Entropy String",
        "filename": "docs/node_modules/.package-lock.json",
        "hashed_secret": "4b07e969bf7c1a9efdf5eab7e13abaa484c49d38",
        "is_verified": false,
        "line_number": 1768
      },
      {
        "type": "Base64 High Entropy String",
        "filename": "docs/node_modules/.package-lock.json",
        "hashed_secret": "53e90280f2fcc050a6012c3c48c87276c068119f",
        "is_verified": false,
        "line_number": 1778
      },
      {
        "type": "Base64 High Entropy String",
        "filename": "docs/node_modules/.package-lock.json",
        "hashed_secret": "fec444113c588ece3ca7cc56f5b4fb2ef91f1d7d",
        "is_verified": false,
        "line_number": 1785
      },
      {
        "type": "Base64 High Entropy String",
        "filename": "docs/node_modules/.package-lock.json",
        "hashed_secret": "5a485a4915f94231f9dc5b355ddda367442ba450",
        "is_verified": false,
        "line_number": 1795
      },
      {
        "type": "Base64 High Entropy String",
        "filename": "docs/node_modules/.package-lock.json",
        "hashed_secret": "19a998b1bf7031d19515cd35f049a7a6aa7dd1b3",
        "is_verified": false,
        "line_number": 1805
      },
      {
        "type": "Base64 High Entropy String",
        "filename": "docs/node_modules/.package-lock.json",
        "hashed_secret": "dba7a636ef0b7f00cb8c1cfce617db1201444012",
        "is_verified": false,
        "line_number": 1816
      },
      {
        "type": "Base64 High Entropy String",
        "filename": "docs/node_modules/.package-lock.json",
        "hashed_secret": "dab00d860d09dd9092b16718edd82bb24a6a21e9",
        "is_verified": false,
        "line_number": 1840
      },
      {
        "type": "Base64 High Entropy String",
        "filename": "docs/node_modules/.package-lock.json",
        "hashed_secret": "7ecd16de4642448e5a002d0eb887796642d37c29",
        "is_verified": false,
        "line_number": 1861
      },
      {
        "type": "Base64 High Entropy String",
        "filename": "docs/node_modules/.package-lock.json",
        "hashed_secret": "f65cbf613806c65f44181f17817d02c7be05ceda",
        "is_verified": false,
        "line_number": 1871
      },
      {
        "type": "Base64 High Entropy String",
        "filename": "docs/node_modules/.package-lock.json",
        "hashed_secret": "764de27ad572b13ce971b7897fd119148eb73005",
        "is_verified": false,
        "line_number": 1878
      },
      {
        "type": "Base64 High Entropy String",
        "filename": "docs/node_modules/.package-lock.json",
        "hashed_secret": "1c48b0a123d3888c96b8992035473bdf53fbb8cf",
        "is_verified": false,
        "line_number": 1896
      },
      {
        "type": "Base64 High Entropy String",
        "filename": "docs/node_modules/.package-lock.json",
        "hashed_secret": "481e02c2b82c65b7d46ce8ef7d1dca8663fe2dee",
        "is_verified": false,
        "line_number": 1917
      },
      {
        "type": "Base64 High Entropy String",
        "filename": "docs/node_modules/.package-lock.json",
        "hashed_secret": "95d0296f5e5cd5062e9d9be8503f29d46fd9871d",
        "is_verified": false,
        "line_number": 1924
      },
      {
        "type": "Base64 High Entropy String",
        "filename": "docs/node_modules/.package-lock.json",
        "hashed_secret": "41f6e96bf86491c9bf7add710a52993d2ae93dce",
        "is_verified": false,
        "line_number": 1945
      },
      {
        "type": "Base64 High Entropy String",
        "filename": "docs/node_modules/.package-lock.json",
        "hashed_secret": "0f47be474038b87601107b865dd56ed47688e3f3",
        "is_verified": false,
        "line_number": 1971
      },
      {
        "type": "Base64 High Entropy String",
        "filename": "docs/node_modules/.package-lock.json",
        "hashed_secret": "8db956011899a12e5f3cd3b6451ca77c5896f94d",
        "is_verified": false,
        "line_number": 1981
      },
      {
        "type": "Base64 High Entropy String",
        "filename": "docs/node_modules/.package-lock.json",
        "hashed_secret": "9ba724d2a40e60c0f7a0157e34494e500f381c59",
        "is_verified": false,
        "line_number": 1991
      },
      {
        "type": "Base64 High Entropy String",
        "filename": "docs/node_modules/.package-lock.json",
        "hashed_secret": "e200c2766d04afe4f424b7b3af75dbbde43662d6",
        "is_verified": false,
        "line_number": 2005
      },
      {
        "type": "Base64 High Entropy String",
        "filename": "docs/node_modules/.package-lock.json",
        "hashed_secret": "02757ec3c99c3192621db35f0eea3897cede465a",
        "is_verified": false,
        "line_number": 2014
      },
      {
        "type": "Base64 High Entropy String",
        "filename": "docs/node_modules/.package-lock.json",
        "hashed_secret": "494872cf0a3e585cbbe48c451b0791cc63baf1b0",
        "is_verified": false,
        "line_number": 2024
      },
      {
        "type": "Base64 High Entropy String",
        "filename": "docs/node_modules/.package-lock.json",
        "hashed_secret": "1be172b28420494a97b5bd6dc5d20d9b54d52047",
        "is_verified": false,
        "line_number": 2036
      },
      {
        "type": "Base64 High Entropy String",
        "filename": "docs/node_modules/.package-lock.json",
        "hashed_secret": "3e536139add3f70bf34712d57cf490dc9c631553",
        "is_verified": false,
        "line_number": 2046
      },
      {
        "type": "Base64 High Entropy String",
        "filename": "docs/node_modules/.package-lock.json",
        "hashed_secret": "8dca636f3e31838ac756ccbbbdda00169a737cea",
        "is_verified": false,
        "line_number": 2059
      },
      {
        "type": "Base64 High Entropy String",
        "filename": "docs/node_modules/.package-lock.json",
        "hashed_secret": "f8467486313a31ed5fd897e593df5bc72a5fde6a",
        "is_verified": false,
        "line_number": 2069
      },
      {
        "type": "Base64 High Entropy String",
        "filename": "docs/node_modules/.package-lock.json",
        "hashed_secret": "8b38cce08b5b200817d51e46d07f51cd9b0a077c",
        "is_verified": false,
        "line_number": 2079
      },
      {
        "type": "Base64 High Entropy String",
        "filename": "docs/node_modules/.package-lock.json",
        "hashed_secret": "c40cf04f64f15f546754bd6f00a3f7064efe98ad",
        "is_verified": false,
        "line_number": 2089
      },
      {
        "type": "Base64 High Entropy String",
        "filename": "docs/node_modules/.package-lock.json",
        "hashed_secret": "36a41bfa336a40f390233bcb3edba75b423c0ac5",
        "is_verified": false,
        "line_number": 2104
      },
      {
        "type": "Base64 High Entropy String",
        "filename": "docs/node_modules/.package-lock.json",
        "hashed_secret": "b933e7804f474734a5b09f73902497c3d1336b00",
        "is_verified": false,
        "line_number": 2117
      },
      {
        "type": "Base64 High Entropy String",
        "filename": "docs/node_modules/.package-lock.json",
        "hashed_secret": "b9d6359fabc640786748fbc71eb7510582560090",
        "is_verified": false,
        "line_number": 2132
      },
      {
        "type": "Base64 High Entropy String",
        "filename": "docs/node_modules/.package-lock.json",
        "hashed_secret": "791bf265b2b4e63cf3def33af941b1878b28085c",
        "is_verified": false,
        "line_number": 2146
      },
      {
        "type": "Base64 High Entropy String",
        "filename": "docs/node_modules/.package-lock.json",
        "hashed_secret": "735bd20202e59e618bfe941a5941731da477e7b6",
        "is_verified": false,
        "line_number": 2156
      },
      {
        "type": "Base64 High Entropy String",
        "filename": "docs/node_modules/.package-lock.json",
        "hashed_secret": "185ed3910f26843f090e519e9ca4b1e79cf80863",
        "is_verified": false,
        "line_number": 2163
      },
      {
        "type": "Base64 High Entropy String",
        "filename": "docs/node_modules/.package-lock.json",
        "hashed_secret": "ed8a67d6dd0997b2afc657b1f5d2d6b9df9b08eb",
        "is_verified": false,
        "line_number": 2179
      },
      {
        "type": "Base64 High Entropy String",
        "filename": "docs/node_modules/.package-lock.json",
        "hashed_secret": "633b9f08f4253d8016ae59ae3461e04888730f85",
        "is_verified": false,
        "line_number": 2201
      },
      {
        "type": "Base64 High Entropy String",
        "filename": "docs/node_modules/.package-lock.json",
        "hashed_secret": "502ed3cb6d6f07c63a9a2ef33f92a2f3097cc722",
        "is_verified": false,
        "line_number": 2207
      },
      {
        "type": "Base64 High Entropy String",
        "filename": "docs/node_modules/.package-lock.json",
        "hashed_secret": "c1a38efe10a08cb343b44ec85e4f991fa64e0dc8",
        "is_verified": false,
        "line_number": 2214
      },
      {
        "type": "Base64 High Entropy String",
        "filename": "docs/node_modules/.package-lock.json",
        "hashed_secret": "08887a3cfab74088906818b1fe3ac5ecebec3439",
        "is_verified": false,
        "line_number": 2221
      },
      {
        "type": "Base64 High Entropy String",
        "filename": "docs/node_modules/.package-lock.json",
        "hashed_secret": "870edf2e3d49cca58020ed671229678252aab029",
        "is_verified": false,
        "line_number": 2231
      },
      {
        "type": "Base64 High Entropy String",
        "filename": "docs/node_modules/.package-lock.json",
        "hashed_secret": "a95b58d7af82465873bc9e37ba2bb990969092ff",
        "is_verified": false,
        "line_number": 2241
      },
      {
        "type": "Base64 High Entropy String",
        "filename": "docs/node_modules/.package-lock.json",
        "hashed_secret": "3a9ac7009e4286da320ca8bfcd870a0364c5f55a",
        "is_verified": false,
        "line_number": 2254
      }
    ],
    "docs/node_modules/@nodelib/fs.scandir/package.json": [
      {
        "type": "Hex High Entropy String",
        "filename": "docs/node_modules/@nodelib/fs.scandir/package.json",
        "hashed_secret": "07d7692b9a2c6a7cb3704f64fdebb62c944752b1",
        "is_verified": false,
        "line_number": 43
      }
    ],
    "docs/node_modules/@nodelib/fs.stat/package.json": [
      {
        "type": "Hex High Entropy String",
        "filename": "docs/node_modules/@nodelib/fs.stat/package.json",
        "hashed_secret": "07d7692b9a2c6a7cb3704f64fdebb62c944752b1",
        "is_verified": false,
        "line_number": 36
      }
    ],
    "docs/node_modules/@nodelib/fs.walk/package.json": [
      {
        "type": "Hex High Entropy String",
        "filename": "docs/node_modules/@nodelib/fs.walk/package.json",
        "hashed_secret": "c9970ff5de9cb10684444e054f56f7202f909431",
        "is_verified": false,
        "line_number": 43
      }
    ],
    "docs/node_modules/convict/README.md": [
      {
        "type": "Hex High Entropy String",
        "filename": "docs/node_modules/convict/README.md",
        "hashed_secret": "0fc4cae5f42c1abeb04b64376d4125bafa0976de",
        "is_verified": false,
        "line_number": 207
      }
    ],
    "docs/node_modules/convict/package.json": [
      {
        "type": "Hex High Entropy String",
        "filename": "docs/node_modules/convict/package.json",
        "hashed_secret": "6c32fa94754a05ad7e0036548b015d2915798350",
        "is_verified": false,
        "line_number": 39
      }
    ],
    "docs/node_modules/events/.travis.yml": [
      {
        "type": "Base64 High Entropy String",
        "filename": "docs/node_modules/events/.travis.yml",
        "hashed_secret": "3e77e00ec038f73930e6b7adbf78e46c64eebf08",
        "is_verified": false,
        "line_number": 17
      },
      {
        "type": "Base64 High Entropy String",
        "filename": "docs/node_modules/events/.travis.yml",
        "hashed_secret": "a0345eb9ebe10ee8f44ac619209ebd3ff96adc0b",
        "is_verified": false,
        "line_number": 18
      }
    ],
    "docs/node_modules/hpagent/README.md": [
      {
        "type": "Basic Auth Credentials",
        "filename": "docs/node_modules/hpagent/README.md",
        "hashed_secret": "37fa265330ad83eaa879efb1e2db6380896cf639",
        "is_verified": false,
        "line_number": 59
      }
    ],
    "docs/node_modules/hpagent/test/http-http.test.js": [
      {
        "type": "Basic Auth Credentials",
        "filename": "docs/node_modules/hpagent/test/http-http.test.js",
        "hashed_secret": "7c211433f02071597741e6ff5a8ea34789abbf43",
        "is_verified": false,
        "line_number": 182
      }
    ],
    "docs/node_modules/hpagent/test/http-https.test.js": [
      {
        "type": "Basic Auth Credentials",
        "filename": "docs/node_modules/hpagent/test/http-https.test.js",
        "hashed_secret": "7c211433f02071597741e6ff5a8ea34789abbf43",
        "is_verified": false,
        "line_number": 182
      }
    ],
    "docs/node_modules/hpagent/test/https-http.test.js": [
      {
        "type": "Basic Auth Credentials",
        "filename": "docs/node_modules/hpagent/test/https-http.test.js",
        "hashed_secret": "7c211433f02071597741e6ff5a8ea34789abbf43",
        "is_verified": false,
        "line_number": 182
      }
    ],
    "docs/node_modules/hpagent/test/https-https.test.js": [
      {
        "type": "Basic Auth Credentials",
        "filename": "docs/node_modules/hpagent/test/https-https.test.js",
        "hashed_secret": "7c211433f02071597741e6ff5a8ea34789abbf43",
        "is_verified": false,
        "line_number": 182
      }
    ],
    "docs/node_modules/isomorphic-git/index.cjs": [
      {
        "type": "Hex High Entropy String",
        "filename": "docs/node_modules/isomorphic-git/index.cjs",
        "hashed_secret": "10a34637ad661d98ba3344717656fcc76209c2f8",
        "is_verified": false,
        "line_number": 608
      },
      {
        "type": "Hex High Entropy String",
        "filename": "docs/node_modules/isomorphic-git/index.cjs",
        "hashed_secret": "2c74b2b5a39b54beae7d7c0e994feb84693a3466",
        "is_verified": false,
        "line_number": 3124
      },
      {
        "type": "Hex High Entropy String",
        "filename": "docs/node_modules/isomorphic-git/index.cjs",
        "hashed_secret": "0d3a60bd3deb1c3e0d3b70e820ce60ae1b1bdaa3",
        "is_verified": false,
        "line_number": 8761
      },
      {
        "type": "Hex High Entropy String",
        "filename": "docs/node_modules/isomorphic-git/index.cjs",
        "hashed_secret": "6af4929e6772c40297994e4036906cefa4c92d01",
        "is_verified": false,
        "line_number": 11188
      },
      {
        "type": "Hex High Entropy String",
        "filename": "docs/node_modules/isomorphic-git/index.cjs",
        "hashed_secret": "f88012746fbee91dc5b3db35ff4d025823ec504e",
        "is_verified": false,
        "line_number": 12915
      }
    ],
    "docs/node_modules/isomorphic-git/index.d.ts": [
      {
        "type": "Hex High Entropy String",
        "filename": "docs/node_modules/isomorphic-git/index.d.ts",
        "hashed_secret": "0d3a60bd3deb1c3e0d3b70e820ce60ae1b1bdaa3",
        "is_verified": false,
        "line_number": 1324
      },
      {
        "type": "Hex High Entropy String",
        "filename": "docs/node_modules/isomorphic-git/index.d.ts",
        "hashed_secret": "2c74b2b5a39b54beae7d7c0e994feb84693a3466",
        "is_verified": false,
        "line_number": 2295
      },
      {
        "type": "Hex High Entropy String",
        "filename": "docs/node_modules/isomorphic-git/index.d.ts",
        "hashed_secret": "f88012746fbee91dc5b3db35ff4d025823ec504e",
        "is_verified": false,
        "line_number": 2714
      },
      {
        "type": "Hex High Entropy String",
        "filename": "docs/node_modules/isomorphic-git/index.d.ts",
        "hashed_secret": "6af4929e6772c40297994e4036906cefa4c92d01",
        "is_verified": false,
        "line_number": 3566
      }
    ],
    "docs/node_modules/isomorphic-git/index.js": [
      {
        "type": "Hex High Entropy String",
        "filename": "docs/node_modules/isomorphic-git/index.js",
        "hashed_secret": "10a34637ad661d98ba3344717656fcc76209c2f8",
        "is_verified": false,
        "line_number": 602
      },
      {
        "type": "Hex High Entropy String",
        "filename": "docs/node_modules/isomorphic-git/index.js",
        "hashed_secret": "2c74b2b5a39b54beae7d7c0e994feb84693a3466",
        "is_verified": false,
        "line_number": 3118
      },
      {
        "type": "Hex High Entropy String",
        "filename": "docs/node_modules/isomorphic-git/index.js",
        "hashed_secret": "0d3a60bd3deb1c3e0d3b70e820ce60ae1b1bdaa3",
        "is_verified": false,
        "line_number": 8755
      },
      {
        "type": "Hex High Entropy String",
        "filename": "docs/node_modules/isomorphic-git/index.js",
        "hashed_secret": "6af4929e6772c40297994e4036906cefa4c92d01",
        "is_verified": false,
        "line_number": 11182
      },
      {
        "type": "Hex High Entropy String",
        "filename": "docs/node_modules/isomorphic-git/index.js",
        "hashed_secret": "f88012746fbee91dc5b3db35ff4d025823ec504e",
        "is_verified": false,
        "line_number": 12909
      }
    ],
    "docs/node_modules/isomorphic-git/index.umd.min.d.ts": [
      {
        "type": "Hex High Entropy String",
        "filename": "docs/node_modules/isomorphic-git/index.umd.min.d.ts",
        "hashed_secret": "0d3a60bd3deb1c3e0d3b70e820ce60ae1b1bdaa3",
        "is_verified": false,
        "line_number": 1324
      },
      {
        "type": "Hex High Entropy String",
        "filename": "docs/node_modules/isomorphic-git/index.umd.min.d.ts",
        "hashed_secret": "2c74b2b5a39b54beae7d7c0e994feb84693a3466",
        "is_verified": false,
        "line_number": 2295
      },
      {
        "type": "Hex High Entropy String",
        "filename": "docs/node_modules/isomorphic-git/index.umd.min.d.ts",
        "hashed_secret": "f88012746fbee91dc5b3db35ff4d025823ec504e",
        "is_verified": false,
        "line_number": 2714
      },
      {
        "type": "Hex High Entropy String",
        "filename": "docs/node_modules/isomorphic-git/index.umd.min.d.ts",
        "hashed_secret": "6af4929e6772c40297994e4036906cefa4c92d01",
        "is_verified": false,
        "line_number": 3566
      }
    ],
    "docs/node_modules/isomorphic-git/index.umd.min.js": [
      {
        "type": "Hex High Entropy String",
        "filename": "docs/node_modules/isomorphic-git/index.umd.min.js",
        "hashed_secret": "2c74b2b5a39b54beae7d7c0e994feb84693a3466",
        "is_verified": false,
        "line_number": 1
      },
      {
        "type": "Hex High Entropy String",
        "filename": "docs/node_modules/isomorphic-git/index.umd.min.js",
        "hashed_secret": "10a34637ad661d98ba3344717656fcc76209c2f8",
        "is_verified": false,
        "line_number": 8
      },
      {
        "type": "Hex High Entropy String",
        "filename": "docs/node_modules/isomorphic-git/index.umd.min.js",
        "hashed_secret": "6af4929e6772c40297994e4036906cefa4c92d01",
        "is_verified": false,
        "line_number": 8
      }
    ],
    "docs/node_modules/js-yaml/dist/js-yaml.js": [
      {
        "type": "Base64 High Entropy String",
        "filename": "docs/node_modules/js-yaml/dist/js-yaml.js",
        "hashed_secret": "fd8201493aad9512bb25129219813806e68b2c51",
        "is_verified": false,
        "line_number": 852
      }
    ],
    "docs/node_modules/js-yaml/dist/js-yaml.min.js": [
      {
        "type": "Base64 High Entropy String",
        "filename": "docs/node_modules/js-yaml/dist/js-yaml.min.js",
        "hashed_secret": "fd8201493aad9512bb25129219813806e68b2c51",
        "is_verified": false,
        "line_number": 2
      }
    ],
    "docs/node_modules/js-yaml/dist/js-yaml.mjs": [
      {
        "type": "Base64 High Entropy String",
        "filename": "docs/node_modules/js-yaml/dist/js-yaml.mjs",
        "hashed_secret": "fd8201493aad9512bb25129219813806e68b2c51",
        "is_verified": false,
        "line_number": 846
      }
    ],
    "docs/node_modules/js-yaml/lib/type/binary.js": [
      {
        "type": "Base64 High Entropy String",
        "filename": "docs/node_modules/js-yaml/lib/type/binary.js",
        "hashed_secret": "fd8201493aad9512bb25129219813806e68b2c51",
        "is_verified": false,
        "line_number": 10
      }
    ],
    "docs/node_modules/mathjax-full/es5/sre/mathmaps/base.json": [
      {
        "type": "Base64 High Entropy String",
        "filename": "docs/node_modules/mathjax-full/es5/sre/mathmaps/base.json",
        "hashed_secret": "177384ae32a67b0e2061371e86bd7081e25e569d",
        "is_verified": false,
        "line_number": 3
      }
    ],
    "docs/node_modules/mathjax-full/es5/sre/mathmaps/nemeth.json": [
      {
        "type": "Base64 High Entropy String",
        "filename": "docs/node_modules/mathjax-full/es5/sre/mathmaps/nemeth.json",
        "hashed_secret": "a8fc03866971b159187265fb3b3c9b5311f2028f",
        "is_verified": false,
        "line_number": 120
      },
      {
        "type": "Base64 High Entropy String",
        "filename": "docs/node_modules/mathjax-full/es5/sre/mathmaps/nemeth.json",
        "hashed_secret": "bbca69b6a865e2dc258be1229d53b0dd85fd0084",
        "is_verified": false,
        "line_number": 120
      }
    ],
    "docs/node_modules/pino/docs/api.md": [
      {
        "type": "Hex High Entropy String",
        "filename": "docs/node_modules/pino/docs/api.md",
        "hashed_secret": "35b62df986d9eea136faadfda77e7066f9d47ff8",
        "is_verified": false,
        "line_number": 259
      }
    ],
    "docs/node_modules/pino/docs/redaction.md": [
      {
        "type": "Secret Keyword",
        "filename": "docs/node_modules/pino/docs/redaction.md",
        "hashed_secret": "137eb9fbc5980f6ffcdfc1637de4c0f3a57250b7",
        "is_verified": false,
        "line_number": 21
      },
      {
        "type": "Secret Keyword",
        "filename": "docs/node_modules/pino/docs/redaction.md",
        "hashed_secret": "bcd0e787f07c5ac9c48e8ba4c27bc42ad8f9a017",
        "is_verified": false,
        "line_number": 22
      }
    ],
    "docs/node_modules/pino/docs/transports.md": [
      {
        "type": "Basic Auth Credentials",
        "filename": "docs/node_modules/pino/docs/transports.md",
        "hashed_secret": "35675e68f4b5af7b995d9205ad0fc43842f16450",
        "is_verified": false,
        "line_number": 621
      },
      {
        "type": "Basic Auth Credentials",
        "filename": "docs/node_modules/pino/docs/transports.md",
        "hashed_secret": "5baa61e4c9b93f3f0682250b6cf8331b7ee68fd8",
        "is_verified": false,
        "line_number": 704
      }
    ],
    "docs/node_modules/pino/test/redact.test.js": [
      {
        "type": "Secret Keyword",
        "filename": "docs/node_modules/pino/test/redact.test.js",
        "hashed_secret": "b0c69c0d1c5eeddd25b5d7d85c171ae39b8438a4",
        "is_verified": false,
        "line_number": 836
      }
    ],
    "docs/node_modules/sha.js/test/test.js": [
      {
        "type": "Hex High Entropy String",
        "filename": "docs/node_modules/sha.js/test/test.js",
        "hashed_secret": "d29c951b6ded5bc695a3e8268f6c069deb626c4c",
        "is_verified": false,
        "line_number": 19
      },
      {
        "type": "Hex High Entropy String",
        "filename": "docs/node_modules/sha.js/test/test.js",
        "hashed_secret": "160ce1313a15ae4dbd2c9c45a0bca0223e12ed47",
        "is_verified": false,
        "line_number": 20
      },
      {
        "type": "Hex High Entropy String",
        "filename": "docs/node_modules/sha.js/test/test.js",
        "hashed_secret": "f9a5c136c16964d4b2e71a55e66c821ce0cdaea0",
        "is_verified": false,
        "line_number": 21
      },
      {
        "type": "Hex High Entropy String",
        "filename": "docs/node_modules/sha.js/test/test.js",
        "hashed_secret": "ef717286343f6da3f4e6f68c6de02a5148a801c4",
        "is_verified": false,
        "line_number": 22
      },
      {
        "type": "Hex High Entropy String",
        "filename": "docs/node_modules/sha.js/test/test.js",
        "hashed_secret": "ce4303f6b22257d9c9cf314ef1dee4707c6e1c13",
        "is_verified": false,
        "line_number": 23
      }
    ],
    "docs/node_modules/simple-concat/test/basic.js": [
      {
        "type": "Hex High Entropy String",
        "filename": "docs/node_modules/simple-concat/test/basic.js",
        "hashed_secret": "33c76f70af66754ca47d19b17da8dc232e125253",
        "is_verified": false,
        "line_number": 10
      }
    ],
    "docs/node_modules/speech-rule-engine/lib/mathmaps/base.json": [
      {
        "type": "Base64 High Entropy String",
        "filename": "docs/node_modules/speech-rule-engine/lib/mathmaps/base.json",
        "hashed_secret": "177384ae32a67b0e2061371e86bd7081e25e569d",
        "is_verified": false,
        "line_number": 111
      }
    ],
    "docs/node_modules/speech-rule-engine/lib/mathmaps/nemeth.json": [
      {
        "type": "Base64 High Entropy String",
        "filename": "docs/node_modules/speech-rule-engine/lib/mathmaps/nemeth.json",
        "hashed_secret": "a8fc03866971b159187265fb3b3c9b5311f2028f",
        "is_verified": false,
        "line_number": 120
      },
      {
        "type": "Base64 High Entropy String",
        "filename": "docs/node_modules/speech-rule-engine/lib/mathmaps/nemeth.json",
        "hashed_secret": "bbca69b6a865e2dc258be1229d53b0dd85fd0084",
        "is_verified": false,
        "line_number": 120
      }
    ],
    "docs/node_modules/unxhr/lib/XMLHttpRequest.js": [
      {
        "type": "Secret Keyword",
        "filename": "docs/node_modules/unxhr/lib/XMLHttpRequest.js",
        "hashed_secret": "d5d4cd07616a542891b7ec2d0257b3a24b69856e",
        "is_verified": false,
        "line_number": 365
      }
    ],
    "docs/node_modules/wordwrap/test/break.js": [
      {
        "type": "Hex High Entropy String",
        "filename": "docs/node_modules/wordwrap/test/break.js",
        "hashed_secret": "7a3afefb7c619b0047ff9f5ccb99fa586efd6442",
        "is_verified": false,
        "line_number": 6
      }
    ]
  },
  "generated_at": "2026-07-16T11:31:19Z"
}
